com\slms\controllers\LoginController.class
com\slms\services\AuditService.class
com\slms\controllers\IssueBookController$1.class
com\slms\controllers\SettingsController.class
com\slms\controllers\BackupController.class
com\slms\controllers\ReturnBookController$1.class
com\slms\controllers\BooksController.class
com\slms\controllers\LibraryLayoutController$1.class
com\slms\models\SearchResult.class
com\slms\controllers\IssueBookController.class
com\slms\controllers\MembersController.class
com\slms\models\Fine.class
com\slms\controllers\DashboardController.class
com\slms\utils\SceneManager.class
com\slms\controllers\SidebarController.class
com\slms\services\GlobalSearchService.class
com\slms\services\TransactionService.class
com\slms\utils\Session.class
com\slms\controllers\TopbarController.class
com\slms\database\DatabaseManager.class
com\slms\controllers\TopbarController$1.class
com\slms\controllers\MembersController$2.class
com\slms\controllers\LibraryLayoutController$2.class
com\slms\services\RackShelfService.class
com\slms\models\Rack.class
com\slms\Main.class
com\slms\models\Member.class
com\slms\controllers\FinesController.class
com\slms\controllers\IssueBookController$1$1.class
com\slms\controllers\SettingsController$1.class
com\slms\services\BookService.class
com\slms\controllers\MemberFormController.class
com\slms\controllers\ReturnBookController.class
com\slms\controllers\BooksController$1.class
com\slms\controllers\MembersController$1.class
com\slms\controllers\LibraryLayoutController.class
com\slms\models\Category.class
com\slms\models\Transaction.class
com\slms\controllers\MemberDetailController.class
com\slms\models\Shelf.class
com\slms\AppLauncher.class
com\slms\controllers\IssueBookController$2.class
com\slms\models\User.class
com\slms\services\FineService.class
com\slms\services\DashboardService$DashboardStats.class
com\slms\controllers\ReportsController.class
com\slms\controllers\BookFormController.class
com\slms\services\MemberService.class
com\slms\models\SearchResult$ResultType.class
com\slms\services\DashboardService.class
com\slms\controllers\IssueBookController$2$1.class
com\slms\controllers\FinesController$1.class
com\slms\controllers\ReturnBookController$2.class
com\slms\models\Book.class
com\slms\services\AuthService.class
