D:\LibraryManagementSystem\src\main\java\com\slms\AppLauncher.java
D:\LibraryManagementSystem\src\main\java\com\slms\controllers\BackupController.java
D:\LibraryManagementSystem\src\main\java\com\slms\controllers\BookFormController.java
D:\LibraryManagementSystem\src\main\java\com\slms\controllers\BooksController.java
D:\LibraryManagementSystem\src\main\java\com\slms\controllers\DashboardController.java
D:\LibraryManagementSystem\src\main\java\com\slms\controllers\FinesController.java
D:\LibraryManagementSystem\src\main\java\com\slms\controllers\IssueBookController.java
D:\LibraryManagementSystem\src\main\java\com\slms\controllers\LibraryLayoutController.java
D:\LibraryManagementSystem\src\main\java\com\slms\controllers\LoginController.java
D:\LibraryManagementSystem\src\main\java\com\slms\controllers\MemberDetailController.java
D:\LibraryManagementSystem\src\main\java\com\slms\controllers\MemberFormController.java
D:\LibraryManagementSystem\src\main\java\com\slms\controllers\MembersController.java
D:\LibraryManagementSystem\src\main\java\com\slms\controllers\ReportsController.java
D:\LibraryManagementSystem\src\main\java\com\slms\controllers\ReturnBookController.java
D:\LibraryManagementSystem\src\main\java\com\slms\controllers\SettingsController.java
D:\LibraryManagementSystem\src\main\java\com\slms\controllers\SidebarController.java
D:\LibraryManagementSystem\src\main\java\com\slms\controllers\TopbarController.java
D:\LibraryManagementSystem\src\main\java\com\slms\database\DatabaseManager.java
D:\LibraryManagementSystem\src\main\java\com\slms\Main.java
D:\LibraryManagementSystem\src\main\java\com\slms\models\Book.java
D:\LibraryManagementSystem\src\main\java\com\slms\models\Category.java
D:\LibraryManagementSystem\src\main\java\com\slms\models\Fine.java
D:\LibraryManagementSystem\src\main\java\com\slms\models\Member.java
D:\LibraryManagementSystem\src\main\java\com\slms\models\Rack.java
D:\LibraryManagementSystem\src\main\java\com\slms\models\SearchResult.java
D:\LibraryManagementSystem\src\main\java\com\slms\models\Shelf.java
D:\LibraryManagementSystem\src\main\java\com\slms\models\Transaction.java
D:\LibraryManagementSystem\src\main\java\com\slms\models\User.java
D:\LibraryManagementSystem\src\main\java\com\slms\services\AuditService.java
D:\LibraryManagementSystem\src\main\java\com\slms\services\AuthService.java
D:\LibraryManagementSystem\src\main\java\com\slms\services\BookService.java
D:\LibraryManagementSystem\src\main\java\com\slms\services\DashboardService.java
D:\LibraryManagementSystem\src\main\java\com\slms\services\FineService.java
D:\LibraryManagementSystem\src\main\java\com\slms\services\GlobalSearchService.java
D:\LibraryManagementSystem\src\main\java\com\slms\services\MemberService.java
D:\LibraryManagementSystem\src\main\java\com\slms\services\RackShelfService.java
D:\LibraryManagementSystem\src\main\java\com\slms\services\TransactionService.java
D:\LibraryManagementSystem\src\main\java\com\slms\utils\SceneManager.java
D:\LibraryManagementSystem\src\main\java\com\slms\utils\Session.java
